
Ñòóäåíò@A100A-12 MINGW32 /
$ git config --global --list
fatal: unable to read config file 'C:/Users/Ñòóäåíò/.gitconfig': No such file or directory

Ñòóäåíò@A100A-12 MINGW32 /
$ git config --global user.name Ivan272Top

Ñòóäåíò@A100A-12 MINGW32 /
$ git config --global user.email ivansusanin272@gmail.com

Ñòóäåíò@A100A-12 MINGW32 /
$ git config --global core.autocrlf true

Ñòóäåíò@A100A-12 MINGW32 /
$ git config --global core.safecrlf true

Ñòóäåíò@A100A-12 MINGW32 /
$ git config --global --list
user.name=Ivan272Top
user.email=ivansusanin272@gmail.com
core.autocrlf=true
core.safecrlf=true

Ñòóäåíò@A100A-12 MINGW32 /
$ git status
fatal: not a git repository (or any of the parent directories): .git

Ñòóäåíò@A100A-12 MINGW32 /
$ git clone https://github.com/Ivan272Top/asdrg/blob/master/lll
Cloning into 'lll'...
fatal: repository 'https://github.com/Ivan272Top/asdrg/blob/master/lll/' not found

Ñòóäåíò@A100A-12 MINGW32 /
$ git clone https://github.com/Ivan272Top/asdrg/blob/master/lll
Cloning into 'lll'...
fatal: repository 'https://github.com/Ivan272Top/asdrg/blob/master/lll/' not found

Ñòóäåíò@A100A-12 MINGW32 /
$ Ls -La
.  ..  bin  cmd  dev  etc  git-bash.exe  git-cmd.exe  LICENSE.txt  mingw32  post-install.bat  proc  README.portable  tmp  usr

Ñòóäåíò@A100A-12 MINGW32 /
$ git status
fatal: not a git repository (or any of the parent directories): .git

Ñòóäåíò@A100A-12 MINGW32 /
$ git remove -v
git: 'remove' is not a git command. See 'git --help'.

The most similar command is
        remote

Ñòóäåíò@A100A-12 MINGW32 /
$ git push -u origin master
fatal: not a git repository (or any of the parent directories): .git

Ñòóäåíò@A100A-12 MINGW32 /
$
